// Jest Snapshot v1, https://goo.gl/fbAQLP

exports[`Navigation renders properly 1`] = `
ShallowWrapper {
  Symbol(enzyme.__root__): [Circular],
  Symbol(enzyme.__unrendered__): <Navigation />,
  Symbol(enzyme.__renderer__): Object {
    "batchedUpdates": [Function],
    "checkPropTypes": [Function],
    "getNode": [Function],
    "render": [Function],
    "simulateError": [Function],
    "simulateEvent": [Function],
    "unmount": [Function],
  },
  Symbol(enzyme.__node__): Object {
    "instance": null,
    "key": undefined,
    "nodeType": "host",
    "props": Object {
      "children": <nav
        className="Navigation__container"
>
        <ul
                className="Navigation__list"
        >
                <li
                        className="Navigation__list-item"
                >
                        <Link
                                className="list-item-link top-link-hover"
                                duration={500}
                                offset={0}
                                smooth={true}
                                to="Header"
                        >
                                Home
                        </Link>
                </li>
                <li
                        className="Navigation__list-item"
                >
                        <Link
                                className="list-item-link top-link-hover"
                                duration={500}
                                offset={0}
                                smooth={true}
                                to="About"
                        >
                                About
                        </Link>
                </li>
                <li
                        className="Navigation__list-item"
                >
                        <Link
                                className="list-item-link top-link-hover"
                                duration={600}
                                offset={0}
                                smooth={true}
                                to="Work"
                        >
                                Work
                        </Link>
                </li>
                <li
                        className="Navigation__list-item"
                >
                        <Link
                                className="list-item-link top-link-hover"
                                duration={800}
                                offset={0}
                                smooth={true}
                                to="Contact"
                        >
                                Contact
                        </Link>
                </li>
        </ul>
</nav>,
      "className": "Navigation",
    },
    "ref": null,
    "rendered": Object {
      "instance": null,
      "key": undefined,
      "nodeType": "host",
      "props": Object {
        "children": <ul
          className="Navigation__list"
>
          <li
                    className="Navigation__list-item"
          >
                    <Link
                              className="list-item-link top-link-hover"
                              duration={500}
                              offset={0}
                              smooth={true}
                              to="Header"
                    >
                              Home
                    </Link>
          </li>
          <li
                    className="Navigation__list-item"
          >
                    <Link
                              className="list-item-link top-link-hover"
                              duration={500}
                              offset={0}
                              smooth={true}
                              to="About"
                    >
                              About
                    </Link>
          </li>
          <li
                    className="Navigation__list-item"
          >
                    <Link
                              className="list-item-link top-link-hover"
                              duration={600}
                              offset={0}
                              smooth={true}
                              to="Work"
                    >
                              Work
                    </Link>
          </li>
          <li
                    className="Navigation__list-item"
          >
                    <Link
                              className="list-item-link top-link-hover"
                              duration={800}
                              offset={0}
                              smooth={true}
                              to="Contact"
                    >
                              Contact
                    </Link>
          </li>
</ul>,
        "className": "Navigation__container",
      },
      "ref": null,
      "rendered": Object {
        "instance": null,
        "key": undefined,
        "nodeType": "host",
        "props": Object {
          "children": Array [
            <li
              className="Navigation__list-item"
>
              <Link
                            className="list-item-link top-link-hover"
                            duration={500}
                            offset={0}
                            smooth={true}
                            to="Header"
              >
                            Home
              </Link>
</li>,
            <li
              className="Navigation__list-item"
>
              <Link
                            className="list-item-link top-link-hover"
                            duration={500}
                            offset={0}
                            smooth={true}
                            to="About"
              >
                            About
              </Link>
</li>,
            <li
              className="Navigation__list-item"
>
              <Link
                            className="list-item-link top-link-hover"
                            duration={600}
                            offset={0}
                            smooth={true}
                            to="Work"
              >
                            Work
              </Link>
</li>,
            <li
              className="Navigation__list-item"
>
              <Link
                            className="list-item-link top-link-hover"
                            duration={800}
                            offset={0}
                            smooth={true}
                            to="Contact"
              >
                            Contact
              </Link>
</li>,
          ],
          "className": "Navigation__list",
        },
        "ref": null,
        "rendered": Array [
          Object {
            "instance": null,
            "key": undefined,
            "nodeType": "host",
            "props": Object {
              "children": <Link
                className="list-item-link top-link-hover"
                duration={500}
                offset={0}
                smooth={true}
                to="Header"
>
                Home
</Link>,
              "className": "Navigation__list-item",
            },
            "ref": null,
            "rendered": Object {
              "instance": null,
              "key": undefined,
              "nodeType": "class",
              "props": Object {
                "children": "Home",
                "className": "list-item-link top-link-hover",
                "duration": 500,
                "offset": 0,
                "smooth": true,
                "to": "Header",
              },
              "ref": null,
              "rendered": "Home",
              "type": [Function],
            },
            "type": "li",
          },
          Object {
            "instance": null,
            "key": undefined,
            "nodeType": "host",
            "props": Object {
              "children": <Link
                className="list-item-link top-link-hover"
                duration={500}
                offset={0}
                smooth={true}
                to="About"
>
                About
</Link>,
              "className": "Navigation__list-item",
            },
            "ref": null,
            "rendered": Object {
              "instance": null,
              "key": undefined,
              "nodeType": "class",
              "props": Object {
                "children": "About",
                "className": "list-item-link top-link-hover",
                "duration": 500,
                "offset": 0,
                "smooth": true,
                "to": "About",
              },
              "ref": null,
              "rendered": "About",
              "type": [Function],
            },
            "type": "li",
          },
          Object {
            "instance": null,
            "key": undefined,
            "nodeType": "host",
            "props": Object {
              "children": <Link
                className="list-item-link top-link-hover"
                duration={600}
                offset={0}
                smooth={true}
                to="Work"
>
                Work
</Link>,
              "className": "Navigation__list-item",
            },
            "ref": null,
            "rendered": Object {
              "instance": null,
              "key": undefined,
              "nodeType": "class",
              "props": Object {
                "children": "Work",
                "className": "list-item-link top-link-hover",
                "duration": 600,
                "offset": 0,
                "smooth": true,
                "to": "Work",
              },
              "ref": null,
              "rendered": "Work",
              "type": [Function],
            },
            "type": "li",
          },
          Object {
            "instance": null,
            "key": undefined,
            "nodeType": "host",
            "props": Object {
              "children": <Link
                className="list-item-link top-link-hover"
                duration={800}
                offset={0}
                smooth={true}
                to="Contact"
>
                Contact
</Link>,
              "className": "Navigation__list-item",
            },
            "ref": null,
            "rendered": Object {
              "instance": null,
              "key": undefined,
              "nodeType": "class",
              "props": Object {
                "children": "Contact",
                "className": "list-item-link top-link-hover",
                "duration": 800,
                "offset": 0,
                "smooth": true,
                "to": "Contact",
              },
              "ref": null,
              "rendered": "Contact",
              "type": [Function],
            },
            "type": "li",
          },
        ],
        "type": "ul",
      },
      "type": "nav",
    },
    "type": "div",
  },
  Symbol(enzyme.__nodes__): Array [
    Object {
      "instance": null,
      "key": undefined,
      "nodeType": "host",
      "props": Object {
        "children": <nav
          className="Navigation__container"
>
          <ul
                    className="Navigation__list"
          >
                    <li
                              className="Navigation__list-item"
                    >
                              <Link
                                        className="list-item-link top-link-hover"
                                        duration={500}
                                        offset={0}
                                        smooth={true}
                                        to="Header"
                              >
                                        Home
                              </Link>
                    </li>
                    <li
                              className="Navigation__list-item"
                    >
                              <Link
                                        className="list-item-link top-link-hover"
                                        duration={500}
                                        offset={0}
                                        smooth={true}
                                        to="About"
                              >
                                        About
                              </Link>
                    </li>
                    <li
                              className="Navigation__list-item"
                    >
                              <Link
                                        className="list-item-link top-link-hover"
                                        duration={600}
                                        offset={0}
                                        smooth={true}
                                        to="Work"
                              >
                                        Work
                              </Link>
                    </li>
                    <li
                              className="Navigation__list-item"
                    >
                              <Link
                                        className="list-item-link top-link-hover"
                                        duration={800}
                                        offset={0}
                                        smooth={true}
                                        to="Contact"
                              >
                                        Contact
                              </Link>
                    </li>
          </ul>
</nav>,
        "className": "Navigation",
      },
      "ref": null,
      "rendered": Object {
        "instance": null,
        "key": undefined,
        "nodeType": "host",
        "props": Object {
          "children": <ul
            className="Navigation__list"
>
            <li
                        className="Navigation__list-item"
            >
                        <Link
                                    className="list-item-link top-link-hover"
                                    duration={500}
                                    offset={0}
                                    smooth={true}
                                    to="Header"
                        >
                                    Home
                        </Link>
            </li>
            <li
                        className="Navigation__list-item"
            >
                        <Link
                                    className="list-item-link top-link-hover"
                                    duration={500}
                                    offset={0}
                                    smooth={true}
                                    to="About"
                        >
                                    About
                        </Link>
            </li>
            <li
                        className="Navigation__list-item"
            >
                        <Link
                                    className="list-item-link top-link-hover"
                                    duration={600}
                                    offset={0}
                                    smooth={true}
                                    to="Work"
                        >
                                    Work
                        </Link>
            </li>
            <li
                        className="Navigation__list-item"
            >
                        <Link
                                    className="list-item-link top-link-hover"
                                    duration={800}
                                    offset={0}
                                    smooth={true}
                                    to="Contact"
                        >
                                    Contact
                        </Link>
            </li>
</ul>,
          "className": "Navigation__container",
        },
        "ref": null,
        "rendered": Object {
          "instance": null,
          "key": undefined,
          "nodeType": "host",
          "props": Object {
            "children": Array [
              <li
                className="Navigation__list-item"
>
                <Link
                                className="list-item-link top-link-hover"
                                duration={500}
                                offset={0}
                                smooth={true}
                                to="Header"
                >
                                Home
                </Link>
</li>,
              <li
                className="Navigation__list-item"
>
                <Link
                                className="list-item-link top-link-hover"
                                duration={500}
                                offset={0}
                                smooth={true}
                                to="About"
                >
                                About
                </Link>
</li>,
              <li
                className="Navigation__list-item"
>
                <Link
                                className="list-item-link top-link-hover"
                                duration={600}
                                offset={0}
                                smooth={true}
                                to="Work"
                >
                                Work
                </Link>
</li>,
              <li
                className="Navigation__list-item"
>
                <Link
                                className="list-item-link top-link-hover"
                                duration={800}
                                offset={0}
                                smooth={true}
                                to="Contact"
                >
                                Contact
                </Link>
</li>,
            ],
            "className": "Navigation__list",
          },
          "ref": null,
          "rendered": Array [
            Object {
              "instance": null,
              "key": undefined,
              "nodeType": "host",
              "props": Object {
                "children": <Link
                  className="list-item-link top-link-hover"
                  duration={500}
                  offset={0}
                  smooth={true}
                  to="Header"
>
                  Home
</Link>,
                "className": "Navigation__list-item",
              },
              "ref": null,
              "rendered": Object {
                "instance": null,
                "key": undefined,
                "nodeType": "class",
                "props": Object {
                  "children": "Home",
                  "className": "list-item-link top-link-hover",
                  "duration": 500,
                  "offset": 0,
                  "smooth": true,
                  "to": "Header",
                },
                "ref": null,
                "rendered": "Home",
                "type": [Function],
              },
              "type": "li",
            },
            Object {
              "instance": null,
              "key": undefined,
              "nodeType": "host",
              "props": Object {
                "children": <Link
                  className="list-item-link top-link-hover"
                  duration={500}
                  offset={0}
                  smooth={true}
                  to="About"
>
                  About
</Link>,
                "className": "Navigation__list-item",
              },
              "ref": null,
              "rendered": Object {
                "instance": null,
                "key": undefined,
                "nodeType": "class",
                "props": Object {
                  "children": "About",
                  "className": "list-item-link top-link-hover",
                  "duration": 500,
                  "offset": 0,
                  "smooth": true,
                  "to": "About",
                },
                "ref": null,
                "rendered": "About",
                "type": [Function],
              },
              "type": "li",
            },
            Object {
              "instance": null,
              "key": undefined,
              "nodeType": "host",
              "props": Object {
                "children": <Link
                  className="list-item-link top-link-hover"
                  duration={600}
                  offset={0}
                  smooth={true}
                  to="Work"
>
                  Work
</Link>,
                "className": "Navigation__list-item",
              },
              "ref": null,
              "rendered": Object {
                "instance": null,
                "key": undefined,
                "nodeType": "class",
                "props": Object {
                  "children": "Work",
                  "className": "list-item-link top-link-hover",
                  "duration": 600,
                  "offset": 0,
                  "smooth": true,
                  "to": "Work",
                },
                "ref": null,
                "rendered": "Work",
                "type": [Function],
              },
              "type": "li",
            },
            Object {
              "instance": null,
              "key": undefined,
              "nodeType": "host",
              "props": Object {
                "children": <Link
                  className="list-item-link top-link-hover"
                  duration={800}
                  offset={0}
                  smooth={true}
                  to="Contact"
>
                  Contact
</Link>,
                "className": "Navigation__list-item",
              },
              "ref": null,
              "rendered": Object {
                "instance": null,
                "key": undefined,
                "nodeType": "class",
                "props": Object {
                  "children": "Contact",
                  "className": "list-item-link top-link-hover",
                  "duration": 800,
                  "offset": 0,
                  "smooth": true,
                  "to": "Contact",
                },
                "ref": null,
                "rendered": "Contact",
                "type": [Function],
              },
              "type": "li",
            },
          ],
          "type": "ul",
        },
        "type": "nav",
      },
      "type": "div",
    },
  ],
  Symbol(enzyme.__options__): Object {
    "adapter": ReactSixteenAdapter {
      "options": Object {
        "enableComponentDidUpdateOnSetState": true,
        "legacyContextMode": "parent",
        "lifecycles": Object {
          "componentDidUpdate": Object {
            "onSetState": true,
          },
          "getChildContext": Object {
            "calledByRenderer": false,
          },
          "getDerivedStateFromProps": true,
          "getSnapshotBeforeUpdate": true,
          "setState": Object {
            "skipsComponentDidUpdateOnNullish": true,
          },
        },
      },
    },
    "disableLifecycleMethods": true,
  },
}
`;
